[finsight.framer.ai/index.html]
[backblue.gif]
[fade.gif]
[index.html]
[framerusercontent.com/images/ZvH8oCwyAZ8l1QRcDO6zAzqoAnc.png]
[finsight.framer.ai/contact.html]
[framerusercontent.com/images/PizVEIU6p81RyFs6h69AueJvvnIb7d5.png]
[framerusercontent.com/images/oG3KxLvLkcKhrYG2zvVh2OOKswb7d5.png]
[framerusercontent.com/images/MBLonMAM2kYQDifASdwe2UasQ7Mb7d5.png]
[framerusercontent.com/images/WQKvcVPNQhGe9R7TmkrPwzKHzM1027.png]
[framerusercontent.com/images/MYNavXtvcEUpyeh6d5XGhr7E8e07.png]
[framerusercontent.com/images/1TjB5HiGlXYfqhLmpK7AzEDaopse065.png]
[framerusercontent.com/images/PFRReqNvz5oh7d9SMQM12QKTJQe011.png]
[framerusercontent.com/images/v4lPz6wHC4dy14JPMDFkxfEGQvQ2774.png]
[framerusercontent.com/images/BI2jTxQSfgaTwWPZ1u3ibSmJXjE6226.png]
[framerusercontent.com/images/IvNA7TeLL4K1JXPhStB2X76amL4c65e.png]
[framerusercontent.com/images/YvvTPkrDIQ8oSTrF1YNTW8P8BEk2ef3.png]
[framerusercontent.com/images/LMWbuNV3D2dUB0RgvMZFUEHOnJ877c1.png]
[framerusercontent.com/images/4rZfCpTFsp5kQFlrcWkNBCkL9o77c1.png]
[framerusercontent.com/images/fmRLwPSTkAP63rcf06TTiS1xA77c1.png]
[framerusercontent.com/images/0l3XLkNY26xGX9QKbihq4JPkof494.png]
[framerusercontent.com/images/A0skl41pEjp67nXkKOadpk4q477c1.png]
[finsight.framer.ai/{_pre__[{_type___prefix_,_value___$_,_key___prefix_0_}],_integer__[{_type___integer_,_value__1,_key___integer_2_,_pos__2},{_type___integer_,_value__3,_key___integer_1_,_pos__1},{_type___intege]
[finsight.framer.ai/blog/getting-started.html]
[framerusercontent.com/images/jPEv32rgg9DdN8pUj0oC9g1yMxM97bf.png]
[finsight.framer.ai/{_pre__[{_type___prefix_,_value___$_,_key___prefix_0_}],_integer__[{_type___integer_,_value__6,_key___integer_1_,_pos__1},{_type___integer_,_value__0,_key___integer_0_,_pos__0}],_fraction__[],]
[framerusercontent.com/images/xFIXDYvkjcgSloz0PldqKzcdRQ900b.png]
[finsight.framer.ai/blog/styling-elements.html]
[framerusercontent.com/images/qJdkibl3pEnQeDQaSB4RQ8BS2OA900b.png]
[finsight.framer.ai/blog/importing-content.html]
[framerusercontent.com/images/LetlCOkhQZab2tXQ15EmAe41I900b.png]
[finsight.framer.ai/about.html]
[finsight.framer.ai/pricing.html]
[finsight.framer.ai/blog.html]
[finsight.framer.ai/404.1e.delayed]
[finsight.framer.ai/index.html]
[framerusercontent.com/images/6YW1k8I7nYSGonXywNSGKbg4uo3a87.png]
[finsight.framer.ai/contact.html]
[finsight.framer.ai/{_pre__[{_type___prefix_,_value___$_,_key___prefix_0_}],_integer__[{_type___integer_,_value__6,_key___integer_1_,_pos__1},{_type___integer_,_value__0,_key___integer_0_,_pos__0}],_fraction__[],]
[finsight.framer.ai/{_pre__[{_type___prefix_,_value___$_,_key___prefix_0_}],_integer__[{_type___integer_,_value__1,_key___integer_2_,_pos__2},{_type___integer_,_value__3,_key___integer_1_,_pos__1},{_type___intege]
[framerusercontent.com/images/1201ZuwUQEzVM3jer4D3BU2KAd2c3.png]
[framerusercontent.com/images/lpCmKW6VNu2gYhsSZgVOpkcSvUcf18.jpg]
[framerusercontent.com/images/IQKddGGUVKfESbTRhHhxUrBqwQ02d1.jpg]
[framerusercontent.com/images/kIBiy2xM79Ac692vRBBeMc3YFw88bab.jpg]
[finsight.framer.ai/blog/getting-started.html]
[finsight.framer.ai/blog/styling-elements.html]
[finsight.framer.ai/blog/importing-content.html]
[framerusercontent.com/images/cQvrr6Lc2DEHzOftrEiTT0RSAf4ef.png]
[framerusercontent.com/images/iMbtAPRy2oYgMOKKRKhRU7uGRs29e8.png]
[framerusercontent.com/images/TyVrYGsk6XkoDyhLo0ov8rEqeLc2667.png]
[framerusercontent.com/images/yq9uBn512jeBk4rVTepNLT59P9w0ef9.png]
[framerusercontent.com/images/yvKwYTti6VMefYgi0ph8MfKJ9Me011.png]
[framerusercontent.com/images/Y9KmJAQ4w53hsc4jJojfokLZ7D87cfa.jpg]
[framerusercontent.com/images/tPYkIwImGTYNrIWUAK9mkYyUgwa8ac.jpg]
[finsight.framer.ai/about.html]
[finsight.framer.ai/pricing.html]
[finsight.framer.ai/blog/whats-new.html]
[framerusercontent.com/images/Qavv3UZui8NdFmkJ8hgYdrnTSM900b.png]
[finsight.framer.ai/blog.html]
[finsight.framer.ai/404.html]
[finsight.framer.ai/blog/whats-new.html]
